2026-05-11 11:16:20.937 | DEBUG    | __main__:<module>:5 - 这是 debug 信息
2026-05-11 11:16:20.939 | INFO     | __main__:<module>:6 - 这是普通信息
2026-05-11 11:16:20.939 | WARNING  | __main__:<module>:7 - 这是警告
2026-05-11 11:16:20.939 | ERROR    | __main__:<module>:8 - 这是错误
2026-05-11 11:16:20.939 | CRITICAL | __main__:<module>:9 - 这是严重错误
